[     122ms] [WARNING] Allow attribute will take precedence over 'allowfullscreen'. @ http://localhost:3000/:991
[     307ms] [ERROR] Failed to load resource: the server responded with a status of 404 (Not Found) @ http://localhost:3000/fonts/TT%20Ramillas%20Trial%20ExtraLight.ttf:0
[    1655ms] [ERROR] Access to fetch at 'https://api.nwgn.art/site-settings' from origin 'http://localhost:3000' has been blocked by CORS policy: The 'Access-Control-Allow-Origin' header has a value 'https://nwgn.art' that is not equal to the supplied origin. Have the server send the header with a valid value. @ http://localhost:3000/:0
[    1656ms] [ERROR] Failed to load resource: net::ERR_FAILED @ https://api.nwgn.art/site-settings:0
[    2051ms] [ERROR] Access to fetch at 'https://api.nwgn.art/tournament/bracket' from origin 'http://localhost:3000' has been blocked by CORS policy: The 'Access-Control-Allow-Origin' header has a value 'https://nwgn.art' that is not equal to the supplied origin. Have the server send the header with a valid value. @ http://localhost:3000/:0
[    2051ms] [ERROR] Failed to load resource: net::ERR_FAILED @ https://api.nwgn.art/tournament/bracket:0
[   17133ms] [ERROR] Access to fetch at 'https://api.nwgn.art/tournament/matches/a67f4f7d-fa0a-4e9c-871d-8152afc7758a/publicDetailed' from origin 'http://localhost:3000' has been blocked by CORS policy: The 'Access-Control-Allow-Origin' header has a value 'https://nwgn.art' that is not equal to the supplied origin. Have the server send the header with a valid value. @ http://localhost:3000/?vs=a67f4f7d-fa0a-4e9c-871d-8152afc7758a:0
[   17133ms] [ERROR] Failed to load resource: net::ERR_FAILED @ https://api.nwgn.art/tournament/matches/a67f4f7d-fa0a-4e9c-871d-8152afc7758a/publicDetailed:0
[   19288ms] [WARNING] The powerPreference option is currently ignored when calling requestAdapter() on Windows. See https://crbug.com/369219127 @ :0
[   19397ms] [WARNING] The powerPreference option is currently ignored when calling requestAdapter() on Windows. See https://crbug.com/369219127 @ :0
[   91448ms] [INFO] Slow network is detected. See https://www.chromestatus.com/feature/5636954674692096 for more details. Fallback font will be used while loading: https://fonts.cdnfonts.com/s/14188/HelveticaNeueBold.woff @ http://localhost:3000/:291
[   91448ms] [INFO] Slow network is detected. See https://www.chromestatus.com/feature/5636954674692096 for more details. Fallback font will be used while loading: https://fonts.cdnfonts.com/s/14188/HelveticaNeue-Light.woff @ http://localhost:3000/:291
[   91449ms] [INFO] Slow network is detected. See https://www.chromestatus.com/feature/5636954674692096 for more details. Fallback font will be used while loading: https://fonts.cdnfonts.com/s/14188/helvetica-75-bold-outline-587ebe00b76ba.woff @ http://localhost:3000/:291
[   91464ms] [INFO] Slow network is detected. See https://www.chromestatus.com/feature/5636954674692096 for more details. Fallback font will be used while loading: https://fonts.cdnfonts.com/s/14188/HelveticaNeue-Roman.woff @ http://localhost:3000/:291
[   91501ms] [WARNING] Allow attribute will take precedence over 'allowfullscreen'. @ http://localhost:3000/:991
[   91518ms] [INFO] Slow network is detected. See https://www.chromestatus.com/feature/5636954674692096 for more details. Fallback font will be used while loading: https://fonts.cdnfonts.com/s/14188/HelveticaNeue-Thin.woff @ http://localhost:3000/:455
[   91584ms] [ERROR] Failed to load resource: the server responded with a status of 404 (Not Found) @ http://localhost:3000/fonts/TT%20Ramillas%20Trial%20ExtraLight.ttf:0
[   91989ms] [ERROR] Access to fetch at 'https://api.nwgn.art/site-settings' from origin 'http://localhost:3000' has been blocked by CORS policy: The 'Access-Control-Allow-Origin' header has a value 'https://nwgn.art' that is not equal to the supplied origin. Have the server send the header with a valid value. @ http://localhost:3000/:0
[   91989ms] [ERROR] Failed to load resource: net::ERR_FAILED @ https://api.nwgn.art/site-settings:0
[   92280ms] [ERROR] Access to fetch at 'https://api.nwgn.art/tournament/bracket' from origin 'http://localhost:3000' has been blocked by CORS policy: The 'Access-Control-Allow-Origin' header has a value 'https://nwgn.art' that is not equal to the supplied origin. Have the server send the header with a valid value. @ http://localhost:3000/:0
[   92280ms] [ERROR] Failed to load resource: net::ERR_FAILED @ https://api.nwgn.art/tournament/bracket:0
