[      98ms] [INFO] Slow network is detected. See https://www.chromestatus.com/feature/5636954674692096 for more details. Fallback font will be used while loading: https://fonts.cdnfonts.com/s/14188/helvetica-75-bold-outline-587ebe00b76ba.woff @ http://localhost:3000/:283
[     104ms] [INFO] Slow network is detected. See https://www.chromestatus.com/feature/5636954674692096 for more details. Fallback font will be used while loading: https://fonts.cdnfonts.com/s/14188/HelveticaNeue-Roman.woff @ http://localhost:3000/:283
[     134ms] [WARNING] Allow attribute will take precedence over 'allowfullscreen'. @ http://localhost:3000/:983
[     176ms] [INFO] Slow network is detected. See https://www.chromestatus.com/feature/5636954674692096 for more details. Fallback font will be used while loading: https://fonts.cdnfonts.com/s/14188/HelveticaNeue-Thin.woff @ http://localhost:3000/:983
[     176ms] [INFO] Slow network is detected. See https://www.chromestatus.com/feature/5636954674692096 for more details. Fallback font will be used while loading: https://fonts.cdnfonts.com/s/14188/HelveticaNeueBold.woff @ http://localhost:3000/:983
[     177ms] [INFO] Slow network is detected. See https://www.chromestatus.com/feature/5636954674692096 for more details. Fallback font will be used while loading: https://fonts.cdnfonts.com/s/14188/HelveticaNeue-Light.woff @ http://localhost:3000/:983
[     291ms] [ERROR] Failed to load resource: the server responded with a status of 404 (Not Found) @ http://localhost:3000/fonts/TT%20Ramillas%20Trial%20ExtraLight.ttf:0
[    2530ms] [ERROR] Access to fetch at 'https://api.nwgn.art/site-settings' from origin 'http://localhost:3000' has been blocked by CORS policy: The 'Access-Control-Allow-Origin' header has a value 'https://nwgn.art' that is not equal to the supplied origin. Have the server send the header with a valid value. @ http://localhost:3000/:0
[    2531ms] [ERROR] Failed to load resource: net::ERR_FAILED @ https://api.nwgn.art/site-settings:0
[    2946ms] [ERROR] Access to fetch at 'https://api.nwgn.art/tournament/bracket' from origin 'http://localhost:3000' has been blocked by CORS policy: The 'Access-Control-Allow-Origin' header has a value 'https://nwgn.art' that is not equal to the supplied origin. Have the server send the header with a valid value. @ http://localhost:3000/:0
[    2946ms] [ERROR] Failed to load resource: net::ERR_FAILED @ https://api.nwgn.art/tournament/bracket:0
[   10992ms] [WARNING] Allow attribute will take precedence over 'allowfullscreen'. @ http://localhost:3000/:983
[   11032ms] [ERROR] Failed to load resource: the server responded with a status of 404 (Not Found) @ http://localhost:3000/fonts/TT%20Ramillas%20Trial%20ExtraLight.ttf:0
[   11442ms] [ERROR] Access to fetch at 'https://api.nwgn.art/site-settings' from origin 'http://localhost:3000' has been blocked by CORS policy: The 'Access-Control-Allow-Origin' header has a value 'https://nwgn.art' that is not equal to the supplied origin. Have the server send the header with a valid value. @ http://localhost:3000/:0
[   11442ms] [ERROR] Failed to load resource: net::ERR_FAILED @ https://api.nwgn.art/site-settings:0
[   11645ms] [ERROR] Access to fetch at 'https://api.nwgn.art/tournament/bracket' from origin 'http://localhost:3000' has been blocked by CORS policy: The 'Access-Control-Allow-Origin' header has a value 'https://nwgn.art' that is not equal to the supplied origin. Have the server send the header with a valid value. @ http://localhost:3000/:0
[   11645ms] [ERROR] Failed to load resource: net::ERR_FAILED @ https://api.nwgn.art/tournament/bracket:0
[   34079ms] [WARNING] Allow attribute will take precedence over 'allowfullscreen'. @ http://localhost:3000/:983
[   34085ms] [ERROR] Failed to load resource: the server responded with a status of 404 (Not Found) @ http://localhost:3000/fonts/TT%20Ramillas%20Trial%20ExtraLight.ttf:0
[   34441ms] [ERROR] Access to fetch at 'https://api.nwgn.art/site-settings' from origin 'http://localhost:3000' has been blocked by CORS policy: The 'Access-Control-Allow-Origin' header has a value 'https://nwgn.art' that is not equal to the supplied origin. Have the server send the header with a valid value. @ http://localhost:3000/:0
[   34441ms] [ERROR] Failed to load resource: net::ERR_FAILED @ https://api.nwgn.art/site-settings:0
[   34776ms] [ERROR] Access to fetch at 'https://api.nwgn.art/tournament/bracket' from origin 'http://localhost:3000' has been blocked by CORS policy: The 'Access-Control-Allow-Origin' header has a value 'https://nwgn.art' that is not equal to the supplied origin. Have the server send the header with a valid value. @ http://localhost:3000/:0
[   34776ms] [ERROR] Failed to load resource: net::ERR_FAILED @ https://api.nwgn.art/tournament/bracket:0
[   93300ms] [WARNING] Allow attribute will take precedence over 'allowfullscreen'. @ http://localhost:3000/?t=1789910642650:983
[   93310ms] [ERROR] Failed to load resource: the server responded with a status of 404 (Not Found) @ http://localhost:3000/fonts/TT%20Ramillas%20Trial%20ExtraLight.ttf:0
[   93931ms] [ERROR] Access to fetch at 'https://api.nwgn.art/site-settings' from origin 'http://localhost:3000' has been blocked by CORS policy: The 'Access-Control-Allow-Origin' header has a value 'https://nwgn.art' that is not equal to the supplied origin. Have the server send the header with a valid value. @ http://localhost:3000/?t=1789910642650:0
[   93931ms] [ERROR] Failed to load resource: net::ERR_FAILED @ https://api.nwgn.art/site-settings:0
[   94216ms] [ERROR] Access to fetch at 'https://api.nwgn.art/tournament/bracket' from origin 'http://localhost:3000' has been blocked by CORS policy: The 'Access-Control-Allow-Origin' header has a value 'https://nwgn.art' that is not equal to the supplied origin. Have the server send the header with a valid value. @ http://localhost:3000/?t=1789910642650:0
[   94216ms] [ERROR] Failed to load resource: net::ERR_FAILED @ https://api.nwgn.art/tournament/bracket:0
