[      69ms] [INFO] Slow network is detected. See https://www.chromestatus.com/feature/5636954674692096 for more details. Fallback font will be used while loading: https://fonts.cdnfonts.com/s/14188/helvetica-75-bold-outline-587ebe00b76ba.woff @ http://localhost:3000/:242
[     100ms] [WARNING] Allow attribute will take precedence over 'allowfullscreen'. @ http://localhost:3000/:942
[     147ms] [INFO] Slow network is detected. See https://www.chromestatus.com/feature/5636954674692096 for more details. Fallback font will be used while loading: https://fonts.cdnfonts.com/s/14188/HelveticaNeue-Roman.woff @ http://localhost:3000/:968
[     148ms] [INFO] Slow network is detected. See https://www.chromestatus.com/feature/5636954674692096 for more details. Fallback font will be used while loading: https://fonts.cdnfonts.com/s/14188/HelveticaNeue-Thin.woff @ http://localhost:3000/:968
[     148ms] [INFO] Slow network is detected. See https://www.chromestatus.com/feature/5636954674692096 for more details. Fallback font will be used while loading: https://fonts.cdnfonts.com/s/14188/HelveticaNeueBold.woff @ http://localhost:3000/:968
[     150ms] [INFO] Slow network is detected. See https://www.chromestatus.com/feature/5636954674692096 for more details. Fallback font will be used while loading: https://fonts.cdnfonts.com/s/14188/HelveticaNeue-Light.woff @ http://localhost:3000/:968
[     247ms] [ERROR] Failed to load resource: the server responded with a status of 404 (Not Found) @ http://localhost:3000/fonts/TT%20Ramillas%20Trial%20ExtraLight.ttf:0
[    1871ms] [ERROR] Access to fetch at 'https://api.nwgn.art/site-settings' from origin 'http://localhost:3000' has been blocked by CORS policy: The 'Access-Control-Allow-Origin' header has a value 'https://nwgn.art' that is not equal to the supplied origin. Have the server send the header with a valid value. @ http://localhost:3000/:0
[    1872ms] [ERROR] Failed to load resource: net::ERR_FAILED @ https://api.nwgn.art/site-settings:0
[    2179ms] [ERROR] Access to fetch at 'https://api.nwgn.art/tournament/bracket' from origin 'http://localhost:3000' has been blocked by CORS policy: The 'Access-Control-Allow-Origin' header has a value 'https://nwgn.art' that is not equal to the supplied origin. Have the server send the header with a valid value. @ http://localhost:3000/:0
[    2179ms] [ERROR] Failed to load resource: net::ERR_FAILED @ https://api.nwgn.art/tournament/bracket:0
[   22952ms] [WARNING] Allow attribute will take precedence over 'allowfullscreen'. @ http://localhost:3000/:942
[   22959ms] [ERROR] Failed to load resource: the server responded with a status of 404 (Not Found) @ http://localhost:3000/fonts/TT%20Ramillas%20Trial%20ExtraLight.ttf:0
[   23441ms] [ERROR] Access to fetch at 'https://api.nwgn.art/site-settings' from origin 'http://localhost:3000' has been blocked by CORS policy: The 'Access-Control-Allow-Origin' header has a value 'https://nwgn.art' that is not equal to the supplied origin. Have the server send the header with a valid value. @ http://localhost:3000/:0
[   23441ms] [ERROR] Failed to load resource: net::ERR_FAILED @ https://api.nwgn.art/site-settings:0
[   23678ms] [ERROR] Access to fetch at 'https://api.nwgn.art/tournament/bracket' from origin 'http://localhost:3000' has been blocked by CORS policy: The 'Access-Control-Allow-Origin' header has a value 'https://nwgn.art' that is not equal to the supplied origin. Have the server send the header with a valid value. @ http://localhost:3000/:0
[   23678ms] [ERROR] Failed to load resource: net::ERR_FAILED @ https://api.nwgn.art/tournament/bracket:0
[   38665ms] [WARNING] Allow attribute will take precedence over 'allowfullscreen'. @ http://localhost:3000/:942
[   38674ms] [ERROR] Failed to load resource: the server responded with a status of 404 (Not Found) @ http://localhost:3000/fonts/TT%20Ramillas%20Trial%20ExtraLight.ttf:0
[   39601ms] [ERROR] Access to fetch at 'https://api.nwgn.art/site-settings' from origin 'http://localhost:3000' has been blocked by CORS policy: The 'Access-Control-Allow-Origin' header has a value 'https://nwgn.art' that is not equal to the supplied origin. Have the server send the header with a valid value. @ http://localhost:3000/:0
[   39602ms] [ERROR] Failed to load resource: net::ERR_FAILED @ https://api.nwgn.art/site-settings:0
[   39834ms] [ERROR] Access to fetch at 'https://api.nwgn.art/tournament/bracket' from origin 'http://localhost:3000' has been blocked by CORS policy: The 'Access-Control-Allow-Origin' header has a value 'https://nwgn.art' that is not equal to the supplied origin. Have the server send the header with a valid value. @ http://localhost:3000/:0
[   39834ms] [ERROR] Failed to load resource: net::ERR_FAILED @ https://api.nwgn.art/tournament/bracket:0
[   79917ms] [INFO] Slow network is detected. See https://www.chromestatus.com/feature/5636954674692096 for more details. Fallback font will be used while loading: https://fonts.cdnfonts.com/s/14188/HelveticaNeueBold.woff @ http://localhost:3000/:242
[   79917ms] [INFO] Slow network is detected. See https://www.chromestatus.com/feature/5636954674692096 for more details. Fallback font will be used while loading: https://fonts.cdnfonts.com/s/14188/helvetica-75-bold-outline-587ebe00b76ba.woff @ http://localhost:3000/:242
[   79936ms] [WARNING] Allow attribute will take precedence over 'allowfullscreen'. @ http://localhost:3000/:942
[   79959ms] [INFO] Slow network is detected. See https://www.chromestatus.com/feature/5636954674692096 for more details. Fallback font will be used while loading: https://fonts.cdnfonts.com/s/14188/HelveticaNeue-Thin.woff @ http://localhost:3000/:406
[   79959ms] [INFO] Slow network is detected. See https://www.chromestatus.com/feature/5636954674692096 for more details. Fallback font will be used while loading: https://fonts.cdnfonts.com/s/14188/HelveticaNeue-Roman.woff @ http://localhost:3000/:406
[   79961ms] [INFO] Slow network is detected. See https://www.chromestatus.com/feature/5636954674692096 for more details. Fallback font will be used while loading: https://fonts.cdnfonts.com/s/14188/HelveticaNeue-Light.woff @ http://localhost:3000/:406
[   80012ms] [ERROR] Failed to load resource: the server responded with a status of 404 (Not Found) @ http://localhost:3000/fonts/TT%20Ramillas%20Trial%20ExtraLight.ttf:0
[   80501ms] [ERROR] Access to fetch at 'https://api.nwgn.art/site-settings' from origin 'http://localhost:3000' has been blocked by CORS policy: The 'Access-Control-Allow-Origin' header has a value 'https://nwgn.art' that is not equal to the supplied origin. Have the server send the header with a valid value. @ http://localhost:3000/:0
[   80501ms] [ERROR] Failed to load resource: net::ERR_FAILED @ https://api.nwgn.art/site-settings:0
[   80756ms] [ERROR] Access to fetch at 'https://api.nwgn.art/tournament/bracket' from origin 'http://localhost:3000' has been blocked by CORS policy: The 'Access-Control-Allow-Origin' header has a value 'https://nwgn.art' that is not equal to the supplied origin. Have the server send the header with a valid value. @ http://localhost:3000/:0
[   80756ms] [ERROR] Failed to load resource: net::ERR_FAILED @ https://api.nwgn.art/tournament/bracket:0
[  232695ms] [INFO] Slow network is detected. See https://www.chromestatus.com/feature/5636954674692096 for more details. Fallback font will be used while loading: https://fonts.cdnfonts.com/s/14188/helvetica-75-bold-outline-587ebe00b76ba.woff @ http://localhost:3000/:242
[  232695ms] [INFO] Slow network is detected. See https://www.chromestatus.com/feature/5636954674692096 for more details. Fallback font will be used while loading: https://fonts.cdnfonts.com/s/14188/HelveticaNeue-Roman.woff @ http://localhost:3000/:242
[  232702ms] [WARNING] Allow attribute will take precedence over 'allowfullscreen'. @ http://localhost:3000/:942
[  232709ms] [INFO] Slow network is detected. See https://www.chromestatus.com/feature/5636954674692096 for more details. Fallback font will be used while loading: https://fonts.cdnfonts.com/s/14188/HelveticaNeue-Thin.woff @ http://localhost:3000/:406
[  232709ms] [INFO] Slow network is detected. See https://www.chromestatus.com/feature/5636954674692096 for more details. Fallback font will be used while loading: https://fonts.cdnfonts.com/s/14188/HelveticaNeueBold.woff @ http://localhost:3000/:406
[  232710ms] [INFO] Slow network is detected. See https://www.chromestatus.com/feature/5636954674692096 for more details. Fallback font will be used while loading: https://fonts.cdnfonts.com/s/14188/HelveticaNeue-Light.woff @ http://localhost:3000/:406
[  232745ms] [ERROR] Failed to load resource: the server responded with a status of 404 (Not Found) @ http://localhost:3000/fonts/TT%20Ramillas%20Trial%20ExtraLight.ttf:0
[  233314ms] [ERROR] Access to fetch at 'https://api.nwgn.art/site-settings' from origin 'http://localhost:3000' has been blocked by CORS policy: The 'Access-Control-Allow-Origin' header has a value 'https://nwgn.art' that is not equal to the supplied origin. Have the server send the header with a valid value. @ http://localhost:3000/:0
[  233314ms] [ERROR] Failed to load resource: net::ERR_FAILED @ https://api.nwgn.art/site-settings:0
[  233924ms] [ERROR] Access to fetch at 'https://api.nwgn.art/tournament/bracket' from origin 'http://localhost:3000' has been blocked by CORS policy: The 'Access-Control-Allow-Origin' header has a value 'https://nwgn.art' that is not equal to the supplied origin. Have the server send the header with a valid value. @ http://localhost:3000/:0
[  233924ms] [ERROR] Failed to load resource: net::ERR_FAILED @ https://api.nwgn.art/tournament/bracket:0
[  244061ms] [INFO] Slow network is detected. See https://www.chromestatus.com/feature/5636954674692096 for more details. Fallback font will be used while loading: https://fonts.cdnfonts.com/s/14188/helvetica-75-bold-outline-587ebe00b76ba.woff @ http://localhost:3000/:242
[  244064ms] [INFO] Slow network is detected. See https://www.chromestatus.com/feature/5636954674692096 for more details. Fallback font will be used while loading: https://fonts.cdnfonts.com/s/14188/HelveticaNeue-Roman.woff @ http://localhost:3000/:242
[  244079ms] [WARNING] Allow attribute will take precedence over 'allowfullscreen'. @ http://localhost:3000/:942
[  244091ms] [INFO] Slow network is detected. See https://www.chromestatus.com/feature/5636954674692096 for more details. Fallback font will be used while loading: https://fonts.cdnfonts.com/s/14188/HelveticaNeue-Thin.woff @ http://localhost:3000/:968
[  244091ms] [INFO] Slow network is detected. See https://www.chromestatus.com/feature/5636954674692096 for more details. Fallback font will be used while loading: https://fonts.cdnfonts.com/s/14188/HelveticaNeueBold.woff @ http://localhost:3000/:968
[  244092ms] [INFO] Slow network is detected. See https://www.chromestatus.com/feature/5636954674692096 for more details. Fallback font will be used while loading: https://fonts.cdnfonts.com/s/14188/HelveticaNeue-Light.woff @ http://localhost:3000/:968
[  244124ms] [ERROR] Failed to load resource: the server responded with a status of 404 (Not Found) @ http://localhost:3000/fonts/TT%20Ramillas%20Trial%20ExtraLight.ttf:0
[  244699ms] [ERROR] Access to fetch at 'https://api.nwgn.art/site-settings' from origin 'http://localhost:3000' has been blocked by CORS policy: The 'Access-Control-Allow-Origin' header has a value 'https://nwgn.art' that is not equal to the supplied origin. Have the server send the header with a valid value. @ http://localhost:3000/:0
[  244699ms] [ERROR] Failed to load resource: net::ERR_FAILED @ https://api.nwgn.art/site-settings:0
[  244948ms] [ERROR] Access to fetch at 'https://api.nwgn.art/tournament/bracket' from origin 'http://localhost:3000' has been blocked by CORS policy: The 'Access-Control-Allow-Origin' header has a value 'https://nwgn.art' that is not equal to the supplied origin. Have the server send the header with a valid value. @ http://localhost:3000/:0
[  244948ms] [ERROR] Failed to load resource: net::ERR_FAILED @ https://api.nwgn.art/tournament/bracket:0
[ 1175931ms] [INFO] Slow network is detected. See https://www.chromestatus.com/feature/5636954674692096 for more details. Fallback font will be used while loading: https://fonts.cdnfonts.com/s/14188/helvetica-75-bold-outline-587ebe00b76ba.woff @ http://localhost:3000/:242
[ 1175932ms] [INFO] Slow network is detected. See https://www.chromestatus.com/feature/5636954674692096 for more details. Fallback font will be used while loading: https://fonts.cdnfonts.com/s/14188/HelveticaNeue-Roman.woff @ http://localhost:3000/:242
[ 1175945ms] [WARNING] Allow attribute will take precedence over 'allowfullscreen'. @ http://localhost:3000/:948
[ 1175962ms] [INFO] Slow network is detected. See https://www.chromestatus.com/feature/5636954674692096 for more details. Fallback font will be used while loading: https://fonts.cdnfonts.com/s/14188/HelveticaNeue-Thin.woff @ http://localhost:3000/:388
[ 1175963ms] [INFO] Slow network is detected. See https://www.chromestatus.com/feature/5636954674692096 for more details. Fallback font will be used while loading: https://fonts.cdnfonts.com/s/14188/HelveticaNeueBold.woff @ http://localhost:3000/:388
[ 1175965ms] [INFO] Slow network is detected. See https://www.chromestatus.com/feature/5636954674692096 for more details. Fallback font will be used while loading: https://fonts.cdnfonts.com/s/14188/HelveticaNeue-Light.woff @ http://localhost:3000/:388
[ 1176031ms] [ERROR] Failed to load resource: the server responded with a status of 404 (Not Found) @ http://localhost:3000/fonts/TT%20Ramillas%20Trial%20ExtraLight.ttf:0
[ 1178638ms] [ERROR] Access to fetch at 'https://api.nwgn.art/site-settings' from origin 'http://localhost:3000' has been blocked by CORS policy: The 'Access-Control-Allow-Origin' header has a value 'https://nwgn.art' that is not equal to the supplied origin. Have the server send the header with a valid value. @ http://localhost:3000/:0
[ 1178638ms] [ERROR] Failed to load resource: net::ERR_FAILED @ https://api.nwgn.art/site-settings:0
[ 1178912ms] [ERROR] Access to fetch at 'https://api.nwgn.art/tournament/bracket' from origin 'http://localhost:3000' has been blocked by CORS policy: The 'Access-Control-Allow-Origin' header has a value 'https://nwgn.art' that is not equal to the supplied origin. Have the server send the header with a valid value. @ http://localhost:3000/:0
[ 1178913ms] [ERROR] Failed to load resource: net::ERR_FAILED @ https://api.nwgn.art/tournament/bracket:0
